// Jest Snapshot v1, https://goo.gl/fbAQLP

exports[`<Page /> Start page renders correctly 1`] = `
<RCTSafeAreaView
  style={
    {
      "alignItems": "center",
      "backgroundColor": "#201C33",
      "flex": 1,
    }
  }
>
  <Image
    source={
      {
        "testUri": "../../../app/assets/images/polaris-constellation.png",
      }
    }
    style={
      {
        "flex": 3,
        "justifyContent": "center",
        "maxWidth": 960,
      }
    }
  />
  <Text
    style={
      {
        "alignItems": "center",
        "color": "#fff",
        "flex": 0.5,
        "fontFamily": "LatoBold",
        "fontSize": 50,
      }
    }
  >
    P O L A R I S
  </Text>
  <Text
    style={
      {
        "color": "#626070",
        "flex": 0.4,
        "fontFamily": "LatoRegular",
        "fontSize": 24,
      }
    }
  >
    Connect with the stars
  </Text>
  <View
    style={
      {
        "flex": 1,
      }
    }
  >
    <View>
      <View
        accessibilityState={
          {
            "busy": undefined,
            "checked": undefined,
            "disabled": undefined,
            "expanded": undefined,
            "selected": undefined,
          }
        }
        accessibilityValue={
          {
            "max": undefined,
            "min": undefined,
            "now": undefined,
            "text": undefined,
          }
        }
        accessible={true}
        collapsable={false}
        focusable={true}
        onClick={[Function]}
        onResponderGrant={[Function]}
        onResponderMove={[Function]}
        onResponderRelease={[Function]}
        onResponderTerminate={[Function]}
        onResponderTerminationRequest={[Function]}
        onStartShouldSetResponder={[Function]}
        style={
          {
            "alignItems": "center",
            "backgroundColor": "#100428",
            "borderRadius": 30,
            "height": 100,
            "justifyContent": "center",
            "margin": 5,
            "opacity": 1,
            "width": 350,
          }
        }
        testID="button"
      >
        <Text
          style={
            [
              {
                "color": "#fff",
                "fontFamily": "LatoBold",
                "fontSize": 20,
              },
              undefined,
            ]
          }
        >
          Get started
        </Text>
      </View>
    </View>
  </View>
</RCTSafeAreaView>
`;
